{
  "exclude": {
    "files": "^.secrets.baseline$",
    "lines": null
  },
  "generated_at": "2025-08-15T10:40:57Z",
  "plugins_used": [
    {
      "name": "AWSKeyDetector"
    },
    {
      "name": "ArtifactoryDetector"
    },
    {
      "name": "AzureStorageKeyDetector"
    },
    {
      "base64_limit": 4.5,
      "name": "Base64HighEntropyString"
    },
    {
      "name": "BasicAuthDetector"
    },
    {
      "name": "BoxDetector"
    },
    {
      "name": "CloudantDetector"
    },
    {
      "ghe_instance": "github.ibm.com",
      "name": "GheDetector"
    },
    {
      "name": "GitHubTokenDetector"
    },
    {
      "hex_limit": 3,
      "name": "HexHighEntropyString"
    },
    {
      "name": "IbmCloudIamDetector"
    },
    {
      "name": "IbmCosHmacDetector"
    },
    {
      "name": "JwtTokenDetector"
    },
    {
      "keyword_exclude": null,
      "name": "KeywordDetector"
    },
    {
      "name": "MailchimpDetector"
    },
    {
      "name": "NpmDetector"
    },
    {
      "name": "PrivateKeyDetector"
    },
    {
      "name": "SlackDetector"
    },
    {
      "name": "SoftlayerDetector"
    },
    {
      "name": "SquareOAuthDetector"
    },
    {
      "name": "StripeDetector"
    },
    {
      "name": "TwilioKeyDetector"
    }
  ],
  "results": {
    "node_visualization.ipynb": [
      {
        "hashed_secret": "09abeb7cd4f0bc275bfce1174398191874065bfe",
        "is_secret": false,
        "is_verified": false,
        "line_number": 48,
        "type": "Base64 High Entropy String",
        "verified_result": null
      },
      {
        "hashed_secret": "c5074fda10ef77018dd98b6b258f05b1456b87d0",
        "is_secret": false,
        "is_verified": false,
        "line_number": 78,
        "type": "Base64 High Entropy String",
        "verified_result": null
      },
      {
        "hashed_secret": "4c468465b16e5c4ab76b901381ad4d2061ac4586",
        "is_secret": false,
        "is_verified": false,
        "line_number": 111,
        "type": "Base64 High Entropy String",
        "verified_result": null
      },
      {
        "hashed_secret": "495d9888b9b5d488ea9e64bc9f7175df7711b6c1",
        "is_secret": false,
        "is_verified": false,
        "line_number": 140,
        "type": "Base64 High Entropy String",
        "verified_result": null
      }
    ],
    "representation_extraction.ipynb": [
      {
        "hashed_secret": "5f2b4d70c9b70668e5ab35c607d9f5b97e8ccc88",
        "is_secret": false,
        "is_verified": false,
        "line_number": 80,
        "type": "Hex High Entropy String",
        "verified_result": null
      },
      {
        "hashed_secret": "1f9b91440fe8452d7934a87d397fa99c186cb1e2",
        "is_secret": false,
        "is_verified": false,
        "line_number": 200,
        "type": "Base64 High Entropy String",
        "verified_result": null
      },
      {
        "hashed_secret": "bbe427b4e7e1f1b91541edd24cb67091625fedb8",
        "is_secret": false,
        "is_verified": false,
        "line_number": 210,
        "type": "Base64 High Entropy String",
        "verified_result": null
      },
      {
        "hashed_secret": "2eba93a6c21061eef6d3fa19f2731ac7020cedf0",
        "is_secret": false,
        "is_verified": false,
        "line_number": 220,
        "type": "Base64 High Entropy String",
        "verified_result": null
      },
      {
        "hashed_secret": "84dbd4c6e0a3c4ea84c4aeaa09097492cc3e7b63",
        "is_secret": false,
        "is_verified": false,
        "line_number": 230,
        "type": "Base64 High Entropy String",
        "verified_result": null
      },
      {
        "hashed_secret": "cf0b7d5b77097e314aea7dc1677ec1cd8a177a28",
        "is_secret": false,
        "is_verified": false,
        "line_number": 240,
        "type": "Base64 High Entropy String",
        "verified_result": null
      },
      {
        "hashed_secret": "01e236c1b00a28d553abba2f341fb2eadcd07ff6",
        "is_secret": false,
        "is_verified": false,
        "line_number": 250,
        "type": "Base64 High Entropy String",
        "verified_result": null
      },
      {
        "hashed_secret": "8fb47f713dec2a4dbf8be313703fa0579033fb1c",
        "is_secret": false,
        "is_verified": false,
        "line_number": 260,
        "type": "Base64 High Entropy String",
        "verified_result": null
      },
      {
        "hashed_secret": "3c5a069eacf8b48cf2551cffd83a643da90b6532",
        "is_secret": false,
        "is_verified": false,
        "line_number": 270,
        "type": "Base64 High Entropy String",
        "verified_result": null
      },
      {
        "hashed_secret": "63eec458ef81842fd81a661dbba616ec215d96d3",
        "is_secret": false,
        "is_verified": false,
        "line_number": 280,
        "type": "Base64 High Entropy String",
        "verified_result": null
      },
      {
        "hashed_secret": "0cf113b70368a0366b35c569614688c6396c2bb1",
        "is_secret": false,
        "is_verified": false,
        "line_number": 290,
        "type": "Base64 High Entropy String",
        "verified_result": null
      },
      {
        "hashed_secret": "fbbb35d994b51176e1b4e075223dfd849ae17cb9",
        "is_secret": false,
        "is_verified": false,
        "line_number": 300,
        "type": "Base64 High Entropy String",
        "verified_result": null
      },
      {
        "hashed_secret": "000500b1caeb68fd8116fd16ef1c1c882c74d4e6",
        "is_secret": false,
        "is_verified": false,
        "line_number": 310,
        "type": "Base64 High Entropy String",
        "verified_result": null
      },
      {
        "hashed_secret": "212df8d36da075ce7760e20d6a270dcf68840272",
        "is_secret": false,
        "is_verified": false,
        "line_number": 320,
        "type": "Base64 High Entropy String",
        "verified_result": null
      },
      {
        "hashed_secret": "771a06ba8c94ee8fcc7b88370028d86dd7e217c5",
        "is_secret": false,
        "is_verified": false,
        "line_number": 330,
        "type": "Base64 High Entropy String",
        "verified_result": null
      },
      {
        "hashed_secret": "313560dabd0973c4362904acad4a751fa8c6d7ce",
        "is_secret": false,
        "is_verified": false,
        "line_number": 381,
        "type": "Base64 High Entropy String",
        "verified_result": null
      }
    ]
  },
  "version": "0.13.1+ibm.62.dss",
  "word_list": {
    "file": null,
    "hash": null
  }
}
